2025-11-20 21:08:54,979 - INFO - ============================================================
2025-11-20 21:08:54,980 - INFO - Random Search | dataset=SARTAJ | mode=quick | trials=6 | epochs=30
2025-11-20 21:08:54,980 - INFO - Search space sizes: {'lr': 3, 'batch_size': 2, 'hidden_dim': 2, 'num_layers': 2, 'dropout': 2, 'weight_decay': 3, 'use_gat': 2, 'n_segments': 2, 'grad_clip': 2}
2025-11-20 21:08:54,980 - INFO - ------------------------------------------------------------
2025-11-20 21:08:54,980 - INFO - Trial 1/6
2025-11-20 21:08:54,980 - INFO - Params | lr=0.000500 | batch=16 | hidden=64 | layers=2 | dropout=0.40 | wd=0.000100 | gat=True | segments=75 | grad_clip=1.00
2025-11-20 21:08:54,980 - INFO - Loading SARTAJ dataset | segments=75 | batch_size=16
2025-11-20 21:08:55,191 - INFO - Initializing model | hidden_dim=64 | layers=2 | dropout=0.40 | use_gat=True
2025-11-20 21:12:12,301 - INFO - Epoch 1/30 | train_loss=1.5180 | train_acc=0.2525 | test_loss=1.3809 | test_acc=0.2600 | best_acc=0.2600 | lr=0.000500
2025-11-20 21:32:29,318 - INFO - Epoch 2/30 | train_loss=1.3941 | train_acc=0.2900 | test_loss=1.3500 | test_acc=0.2550 | best_acc=0.2600 | lr=0.000500
2025-11-20 21:50:59,204 - INFO - Epoch 3/30 | train_loss=1.3797 | train_acc=0.3187 | test_loss=1.3620 | test_acc=0.3000 | best_acc=0.3000 | lr=0.000500
2025-11-20 21:54:40,907 - INFO - Epoch 4/30 | train_loss=1.3435 | train_acc=0.3237 | test_loss=1.3557 | test_acc=0.2900 | best_acc=0.3000 | lr=0.000500
2025-11-20 21:58:28,298 - INFO - Epoch 5/30 | train_loss=1.2967 | train_acc=0.3762 | test_loss=1.3535 | test_acc=0.3250 | best_acc=0.3250 | lr=0.000500
2025-11-20 22:02:20,750 - INFO - Epoch 6/30 | train_loss=1.2777 | train_acc=0.3900 | test_loss=1.3888 | test_acc=0.3100 | best_acc=0.3250 | lr=0.000500
2025-11-20 22:06:16,874 - INFO - Epoch 7/30 | train_loss=1.2477 | train_acc=0.4037 | test_loss=1.3680 | test_acc=0.3250 | best_acc=0.3250 | lr=0.000500
2025-11-20 22:10:29,056 - INFO - Epoch 8/30 | train_loss=1.2339 | train_acc=0.4125 | test_loss=1.3634 | test_acc=0.3550 | best_acc=0.3550 | lr=0.000500
2025-11-20 22:14:41,288 - INFO - Epoch 9/30 | train_loss=1.2087 | train_acc=0.4400 | test_loss=1.4091 | test_acc=0.3750 | best_acc=0.3750 | lr=0.000500
2025-11-20 22:18:56,445 - INFO - Epoch 10/30 | train_loss=1.1915 | train_acc=0.4400 | test_loss=1.4245 | test_acc=0.2850 | best_acc=0.3750 | lr=0.000500
2025-11-20 22:23:12,982 - INFO - Epoch 11/30 | train_loss=1.1481 | train_acc=0.4550 | test_loss=1.3984 | test_acc=0.2850 | best_acc=0.3750 | lr=0.000500
2025-11-20 22:27:32,594 - INFO - Epoch 12/30 | train_loss=1.1331 | train_acc=0.4763 | test_loss=1.4327 | test_acc=0.3200 | best_acc=0.3750 | lr=0.000500
2025-11-20 22:31:52,594 - INFO - Epoch 13/30 | train_loss=1.1169 | train_acc=0.5200 | test_loss=1.4728 | test_acc=0.3600 | best_acc=0.3750 | lr=0.000250
2025-11-20 22:36:19,871 - INFO - Epoch 14/30 | train_loss=1.0475 | train_acc=0.5225 | test_loss=1.4799 | test_acc=0.3550 | best_acc=0.3750 | lr=0.000250
2025-11-20 22:40:41,639 - INFO - Epoch 15/30 | train_loss=1.0516 | train_acc=0.5425 | test_loss=1.4318 | test_acc=0.3150 | best_acc=0.3750 | lr=0.000250
2025-11-20 22:45:00,295 - INFO - Epoch 16/30 | train_loss=0.9992 | train_acc=0.5813 | test_loss=1.4962 | test_acc=0.3650 | best_acc=0.3750 | lr=0.000250
2025-11-20 22:49:35,915 - INFO - Epoch 17/30 | train_loss=1.0160 | train_acc=0.5563 | test_loss=1.5220 | test_acc=0.3350 | best_acc=0.3750 | lr=0.000250
2025-11-20 22:54:46,266 - INFO - Epoch 18/30 | train_loss=1.0473 | train_acc=0.5537 | test_loss=1.4927 | test_acc=0.3350 | best_acc=0.3750 | lr=0.000250
2025-11-20 22:59:49,566 - INFO - Epoch 19/30 | train_loss=0.9908 | train_acc=0.5725 | test_loss=1.5519 | test_acc=0.3150 | best_acc=0.3750 | lr=0.000250
2025-11-20 23:04:54,745 - INFO - Epoch 20/30 | train_loss=0.9978 | train_acc=0.5625 | test_loss=1.5334 | test_acc=0.3650 | best_acc=0.3750 | lr=0.000250
2025-11-20 23:09:54,204 - INFO - Epoch 21/30 | train_loss=0.9655 | train_acc=0.5713 | test_loss=1.5891 | test_acc=0.3650 | best_acc=0.3750 | lr=0.000250
2025-11-20 23:48:41,488 - INFO - Epoch 22/30 | train_loss=0.9597 | train_acc=0.6025 | test_loss=1.5511 | test_acc=0.3650 | best_acc=0.3750 | lr=0.000250
2025-11-21 00:03:58,819 - INFO - Epoch 23/30 | train_loss=0.9787 | train_acc=0.5988 | test_loss=1.5660 | test_acc=0.3650 | best_acc=0.3750 | lr=0.000250
2025-11-21 00:06:56,448 - INFO - Epoch 24/30 | train_loss=0.9666 | train_acc=0.5837 | test_loss=1.6219 | test_acc=0.3650 | best_acc=0.3750 | lr=0.000125
2025-11-21 00:10:03,576 - INFO - Epoch 25/30 | train_loss=0.9139 | train_acc=0.6175 | test_loss=1.6038 | test_acc=0.3650 | best_acc=0.3750 | lr=0.000125
2025-11-21 00:13:07,603 - INFO - Epoch 26/30 | train_loss=0.9655 | train_acc=0.6088 | test_loss=1.6217 | test_acc=0.3750 | best_acc=0.3750 | lr=0.000125
2025-11-21 00:16:21,045 - INFO - Epoch 27/30 | train_loss=0.9223 | train_acc=0.6275 | test_loss=1.6366 | test_acc=0.3650 | best_acc=0.3750 | lr=0.000125
2025-11-21 00:19:38,717 - INFO - Epoch 28/30 | train_loss=0.9285 | train_acc=0.5925 | test_loss=1.6373 | test_acc=0.3700 | best_acc=0.3750 | lr=0.000125
2025-11-21 00:22:40,603 - INFO - Epoch 29/30 | train_loss=0.9325 | train_acc=0.6188 | test_loss=1.6225 | test_acc=0.3750 | best_acc=0.3750 | lr=0.000125
2025-11-21 00:25:48,975 - INFO - Epoch 30/30 | train_loss=0.9219 | train_acc=0.6050 | test_loss=1.6164 | test_acc=0.3650 | best_acc=0.3750 | lr=0.000125
2025-11-21 00:25:48,988 - INFO - Trial 1 completed | acc=0.3750 (37.50%) | duration=196.90 min
2025-11-21 00:25:48,989 - INFO - *** New best score: 0.3750 (37.50%) ***
2025-11-21 00:25:48,989 - INFO - ------------------------------------------------------------
2025-11-21 00:25:48,989 - INFO - Trial 2/6
2025-11-21 00:25:48,993 - INFO - Params | lr=0.000500 | batch=32 | hidden=64 | layers=2 | dropout=0.40 | wd=0.000100 | gat=True | segments=75 | grad_clip=1.00
2025-11-21 00:25:48,995 - INFO - Loading SARTAJ dataset | segments=75 | batch_size=32
2025-11-21 00:25:49,262 - INFO - Initializing model | hidden_dim=64 | layers=2 | dropout=0.40 | use_gat=True
2025-11-21 00:29:22,193 - INFO - Epoch 1/30 | train_loss=1.6312 | train_acc=0.2537 | test_loss=1.5112 | test_acc=0.2500 | best_acc=0.2500 | lr=0.000500
2025-11-21 00:32:21,842 - INFO - Epoch 2/30 | train_loss=1.4066 | train_acc=0.2850 | test_loss=1.3832 | test_acc=0.3250 | best_acc=0.3250 | lr=0.000500
2025-11-21 00:35:38,020 - INFO - Epoch 3/30 | train_loss=1.4002 | train_acc=0.2650 | test_loss=1.3740 | test_acc=0.3200 | best_acc=0.3250 | lr=0.000500
2025-11-21 00:39:23,369 - INFO - Epoch 4/30 | train_loss=1.3518 | train_acc=0.3125 | test_loss=1.3754 | test_acc=0.3500 | best_acc=0.3500 | lr=0.000500
2025-11-21 00:43:02,199 - INFO - Epoch 5/30 | train_loss=1.3206 | train_acc=0.3625 | test_loss=1.3801 | test_acc=0.2700 | best_acc=0.3500 | lr=0.000500
2025-11-21 00:46:55,419 - INFO - Epoch 6/30 | train_loss=1.3182 | train_acc=0.3625 | test_loss=1.3845 | test_acc=0.3100 | best_acc=0.3500 | lr=0.000500
2025-11-21 00:50:45,307 - INFO - Epoch 7/30 | train_loss=1.2910 | train_acc=0.3887 | test_loss=1.4222 | test_acc=0.2950 | best_acc=0.3500 | lr=0.000500
2025-11-21 00:54:07,243 - INFO - Epoch 8/30 | train_loss=1.2758 | train_acc=0.4325 | test_loss=1.4313 | test_acc=0.3500 | best_acc=0.3500 | lr=0.000500
2025-11-21 00:57:26,539 - INFO - Epoch 9/30 | train_loss=1.2588 | train_acc=0.3937 | test_loss=1.4318 | test_acc=0.3200 | best_acc=0.3500 | lr=0.000500
2025-11-21 01:01:28,186 - INFO - Epoch 10/30 | train_loss=1.2154 | train_acc=0.4213 | test_loss=1.4789 | test_acc=0.3000 | best_acc=0.3500 | lr=0.000500
2025-11-21 01:05:53,009 - INFO - Epoch 11/30 | train_loss=1.2454 | train_acc=0.4387 | test_loss=1.4864 | test_acc=0.2600 | best_acc=0.3500 | lr=0.000500
2025-11-21 01:10:11,284 - INFO - Epoch 12/30 | train_loss=1.1639 | train_acc=0.4650 | test_loss=1.4981 | test_acc=0.3100 | best_acc=0.3500 | lr=0.000500
2025-11-21 01:15:11,800 - INFO - Epoch 13/30 | train_loss=1.1709 | train_acc=0.4738 | test_loss=1.5217 | test_acc=0.3100 | best_acc=0.3500 | lr=0.000500
2025-11-21 01:19:29,206 - INFO - Epoch 14/30 | train_loss=1.1782 | train_acc=0.4487 | test_loss=1.4879 | test_acc=0.2700 | best_acc=0.3500 | lr=0.000250
2025-11-21 01:23:14,544 - INFO - Epoch 15/30 | train_loss=1.1203 | train_acc=0.4788 | test_loss=1.5129 | test_acc=0.3350 | best_acc=0.3500 | lr=0.000250
2025-11-21 01:26:57,735 - INFO - Epoch 16/30 | train_loss=1.1329 | train_acc=0.5188 | test_loss=1.4883 | test_acc=0.3350 | best_acc=0.3500 | lr=0.000250
2025-11-21 01:31:51,725 - INFO - Epoch 17/30 | train_loss=1.1022 | train_acc=0.5337 | test_loss=1.5520 | test_acc=0.3050 | best_acc=0.3500 | lr=0.000250
2025-11-21 01:35:43,074 - INFO - Epoch 18/30 | train_loss=1.0812 | train_acc=0.5350 | test_loss=1.5274 | test_acc=0.3000 | best_acc=0.3500 | lr=0.000250
2025-11-21 01:39:29,152 - INFO - Epoch 19/30 | train_loss=1.0937 | train_acc=0.5225 | test_loss=1.5442 | test_acc=0.3250 | best_acc=0.3500 | lr=0.000250
2025-11-21 01:43:13,779 - INFO - Epoch 20/30 | train_loss=1.0610 | train_acc=0.5312 | test_loss=1.5588 | test_acc=0.3200 | best_acc=0.3500 | lr=0.000250
2025-11-21 01:47:04,256 - INFO - Epoch 21/30 | train_loss=1.0495 | train_acc=0.5537 | test_loss=1.6235 | test_acc=0.3150 | best_acc=0.3500 | lr=0.000250
2025-11-21 01:50:51,860 - INFO - Epoch 22/30 | train_loss=1.0851 | train_acc=0.5513 | test_loss=1.6496 | test_acc=0.3250 | best_acc=0.3500 | lr=0.000250
2025-11-21 01:54:35,166 - INFO - Epoch 23/30 | train_loss=1.0744 | train_acc=0.5500 | test_loss=1.6061 | test_acc=0.3350 | best_acc=0.3500 | lr=0.000250
2025-11-21 01:58:21,263 - INFO - Epoch 24/30 | train_loss=1.0482 | train_acc=0.5613 | test_loss=1.6341 | test_acc=0.3400 | best_acc=0.3500 | lr=0.000250
2025-11-21 02:02:10,422 - INFO - Epoch 25/30 | train_loss=1.0643 | train_acc=0.5700 | test_loss=1.6405 | test_acc=0.3400 | best_acc=0.3500 | lr=0.000125
2025-11-21 02:05:52,330 - INFO - Epoch 26/30 | train_loss=1.0152 | train_acc=0.5713 | test_loss=1.6701 | test_acc=0.3350 | best_acc=0.3500 | lr=0.000125
2025-11-21 02:09:35,417 - INFO - Epoch 27/30 | train_loss=1.0044 | train_acc=0.5800 | test_loss=1.6577 | test_acc=0.3250 | best_acc=0.3500 | lr=0.000125
2025-11-21 02:13:19,836 - INFO - Epoch 28/30 | train_loss=1.0232 | train_acc=0.5700 | test_loss=1.6955 | test_acc=0.3400 | best_acc=0.3500 | lr=0.000125
2025-11-21 02:17:02,201 - INFO - Epoch 29/30 | train_loss=0.9796 | train_acc=0.5950 | test_loss=1.6826 | test_acc=0.3300 | best_acc=0.3500 | lr=0.000125
2025-11-21 02:20:45,877 - INFO - Epoch 30/30 | train_loss=0.9823 | train_acc=0.5850 | test_loss=1.6946 | test_acc=0.3450 | best_acc=0.3500 | lr=0.000125
2025-11-21 02:20:45,885 - INFO - Trial 2 completed | acc=0.3500 (35.00%) | duration=114.95 min
2025-11-21 02:20:45,885 - INFO - ------------------------------------------------------------
2025-11-21 02:20:45,885 - INFO - Trial 3/6
2025-11-21 02:20:45,889 - INFO - Params | lr=0.001000 | batch=16 | hidden=64 | layers=2 | dropout=0.40 | wd=0.000050 | gat=False | segments=75 | grad_clip=0.50
2025-11-21 02:20:45,890 - INFO - Loading SARTAJ dataset | segments=75 | batch_size=16
2025-11-21 02:20:46,174 - INFO - Initializing model | hidden_dim=64 | layers=2 | dropout=0.40 | use_gat=False
2025-11-21 02:24:28,534 - INFO - Epoch 1/30 | train_loss=1.5388 | train_acc=0.2838 | test_loss=1.3834 | test_acc=0.2700 | best_acc=0.2700 | lr=0.001000
2025-11-21 02:28:13,248 - INFO - Epoch 2/30 | train_loss=1.3708 | train_acc=0.2925 | test_loss=1.3584 | test_acc=0.3250 | best_acc=0.3250 | lr=0.001000
2025-11-21 02:32:02,272 - INFO - Epoch 3/30 | train_loss=1.2839 | train_acc=0.3812 | test_loss=1.3721 | test_acc=0.3650 | best_acc=0.3650 | lr=0.001000
2025-11-21 02:35:45,257 - INFO - Epoch 4/30 | train_loss=1.2822 | train_acc=0.3725 | test_loss=1.3733 | test_acc=0.3250 | best_acc=0.3650 | lr=0.001000
2025-11-21 02:39:29,666 - INFO - Epoch 5/30 | train_loss=1.2202 | train_acc=0.4325 | test_loss=1.4890 | test_acc=0.2600 | best_acc=0.3650 | lr=0.001000
2025-11-21 02:43:15,750 - INFO - Epoch 6/30 | train_loss=1.2093 | train_acc=0.4288 | test_loss=1.3915 | test_acc=0.3300 | best_acc=0.3650 | lr=0.001000
2025-11-21 02:46:59,268 - INFO - Epoch 7/30 | train_loss=1.1874 | train_acc=0.4600 | test_loss=1.3881 | test_acc=0.3400 | best_acc=0.3650 | lr=0.001000
2025-11-21 02:50:44,813 - INFO - Epoch 8/30 | train_loss=1.1439 | train_acc=0.4888 | test_loss=1.4637 | test_acc=0.3400 | best_acc=0.3650 | lr=0.001000
2025-11-21 02:54:27,381 - INFO - Epoch 9/30 | train_loss=1.1501 | train_acc=0.4938 | test_loss=1.4069 | test_acc=0.3450 | best_acc=0.3650 | lr=0.001000
2025-11-21 02:58:13,238 - INFO - Epoch 10/30 | train_loss=1.0772 | train_acc=0.5125 | test_loss=1.4179 | test_acc=0.3500 | best_acc=0.3650 | lr=0.001000
2025-11-21 03:02:02,124 - INFO - Epoch 11/30 | train_loss=1.1003 | train_acc=0.4813 | test_loss=1.5127 | test_acc=0.3500 | best_acc=0.3650 | lr=0.001000
2025-11-21 03:05:47,676 - INFO - Epoch 12/30 | train_loss=1.0765 | train_acc=0.5288 | test_loss=1.4177 | test_acc=0.3450 | best_acc=0.3650 | lr=0.001000
2025-11-21 03:09:38,205 - INFO - Epoch 13/30 | train_loss=1.0960 | train_acc=0.5238 | test_loss=1.4801 | test_acc=0.3100 | best_acc=0.3650 | lr=0.000500
2025-11-21 03:13:25,508 - INFO - Epoch 14/30 | train_loss=0.9913 | train_acc=0.5837 | test_loss=1.4707 | test_acc=0.3450 | best_acc=0.3650 | lr=0.000500
2025-11-21 03:17:13,228 - INFO - Epoch 15/30 | train_loss=1.0185 | train_acc=0.5587 | test_loss=1.4828 | test_acc=0.3550 | best_acc=0.3650 | lr=0.000500
2025-11-21 03:20:58,916 - INFO - Epoch 16/30 | train_loss=0.9788 | train_acc=0.5813 | test_loss=1.4725 | test_acc=0.3450 | best_acc=0.3650 | lr=0.000500
2025-11-21 03:24:42,481 - INFO - Epoch 17/30 | train_loss=0.9812 | train_acc=0.5513 | test_loss=1.5257 | test_acc=0.3500 | best_acc=0.3650 | lr=0.000500
2025-11-21 03:28:28,341 - INFO - Epoch 18/30 | train_loss=1.0091 | train_acc=0.5613 | test_loss=1.4470 | test_acc=0.3550 | best_acc=0.3650 | lr=0.000500
2025-11-21 03:32:14,952 - INFO - Epoch 19/30 | train_loss=1.0190 | train_acc=0.5613 | test_loss=1.4176 | test_acc=0.3450 | best_acc=0.3650 | lr=0.000500
2025-11-21 03:35:58,897 - INFO - Epoch 20/30 | train_loss=0.9434 | train_acc=0.6050 | test_loss=1.5593 | test_acc=0.3550 | best_acc=0.3650 | lr=0.000500
2025-11-21 03:39:42,515 - INFO - Epoch 21/30 | train_loss=0.9427 | train_acc=0.5988 | test_loss=1.5726 | test_acc=0.3450 | best_acc=0.3650 | lr=0.000500
2025-11-21 03:43:22,690 - INFO - Epoch 22/30 | train_loss=0.9360 | train_acc=0.5800 | test_loss=1.6028 | test_acc=0.3600 | best_acc=0.3650 | lr=0.000500
2025-11-21 03:47:05,787 - INFO - Epoch 23/30 | train_loss=0.9745 | train_acc=0.5787 | test_loss=1.5637 | test_acc=0.3400 | best_acc=0.3650 | lr=0.000500
2025-11-21 03:50:47,382 - INFO - Epoch 24/30 | train_loss=0.9473 | train_acc=0.5725 | test_loss=1.5322 | test_acc=0.3450 | best_acc=0.3650 | lr=0.000250
2025-11-21 03:54:28,558 - INFO - Epoch 25/30 | train_loss=0.9085 | train_acc=0.5988 | test_loss=1.5335 | test_acc=0.3300 | best_acc=0.3650 | lr=0.000250
2025-11-21 03:58:13,593 - INFO - Epoch 26/30 | train_loss=0.9027 | train_acc=0.5988 | test_loss=1.5925 | test_acc=0.3400 | best_acc=0.3650 | lr=0.000250
2025-11-21 04:01:57,679 - INFO - Epoch 27/30 | train_loss=0.9296 | train_acc=0.6012 | test_loss=1.6595 | test_acc=0.3650 | best_acc=0.3650 | lr=0.000250
2025-11-21 04:05:39,724 - INFO - Epoch 28/30 | train_loss=0.9024 | train_acc=0.6012 | test_loss=1.6501 | test_acc=0.3450 | best_acc=0.3650 | lr=0.000250
2025-11-21 04:09:20,605 - INFO - Epoch 29/30 | train_loss=0.9146 | train_acc=0.6112 | test_loss=1.5945 | test_acc=0.3400 | best_acc=0.3650 | lr=0.000250
2025-11-21 04:13:03,355 - INFO - Epoch 30/30 | train_loss=0.9013 | train_acc=0.6025 | test_loss=1.6249 | test_acc=0.3400 | best_acc=0.3650 | lr=0.000250
2025-11-21 04:13:03,361 - INFO - Trial 3 completed | acc=0.3650 (36.50%) | duration=112.29 min
2025-11-21 04:13:03,361 - INFO - ------------------------------------------------------------
2025-11-21 04:13:03,361 - INFO - Trial 4/6
2025-11-21 04:13:03,363 - INFO - Params | lr=0.001000 | batch=32 | hidden=64 | layers=3 | dropout=0.30 | wd=0.000050 | gat=False | segments=75 | grad_clip=0.50
2025-11-21 04:13:03,365 - INFO - Loading SARTAJ dataset | segments=75 | batch_size=32
2025-11-21 04:13:03,633 - INFO - Initializing model | hidden_dim=64 | layers=3 | dropout=0.30 | use_gat=False
2025-11-21 04:16:44,652 - INFO - Epoch 1/30 | train_loss=1.6649 | train_acc=0.2700 | test_loss=1.4118 | test_acc=0.2950 | best_acc=0.2950 | lr=0.001000
2025-11-21 04:20:26,302 - INFO - Epoch 2/30 | train_loss=1.2986 | train_acc=0.3638 | test_loss=1.3841 | test_acc=0.3250 | best_acc=0.3250 | lr=0.001000
2025-11-21 04:24:07,195 - INFO - Epoch 3/30 | train_loss=1.2015 | train_acc=0.4375 | test_loss=1.5115 | test_acc=0.2650 | best_acc=0.3250 | lr=0.001000
2025-11-21 04:27:49,227 - INFO - Epoch 4/30 | train_loss=1.1797 | train_acc=0.4725 | test_loss=1.5160 | test_acc=0.3450 | best_acc=0.3450 | lr=0.001000
2025-11-21 04:31:37,895 - INFO - Epoch 5/30 | train_loss=1.1400 | train_acc=0.4938 | test_loss=1.4002 | test_acc=0.3550 | best_acc=0.3550 | lr=0.001000
2025-11-21 04:35:18,788 - INFO - Epoch 6/30 | train_loss=1.0618 | train_acc=0.5525 | test_loss=1.4548 | test_acc=0.3550 | best_acc=0.3550 | lr=0.001000
2025-11-21 04:39:01,211 - INFO - Epoch 7/30 | train_loss=0.9980 | train_acc=0.5725 | test_loss=1.5307 | test_acc=0.3950 | best_acc=0.3950 | lr=0.001000
2025-11-21 04:42:13,492 - INFO - Epoch 8/30 | train_loss=0.9788 | train_acc=0.5925 | test_loss=1.4417 | test_acc=0.3850 | best_acc=0.3950 | lr=0.001000
2025-11-21 04:45:09,076 - INFO - Epoch 9/30 | train_loss=0.9403 | train_acc=0.6250 | test_loss=1.4456 | test_acc=0.4200 | best_acc=0.4200 | lr=0.001000
2025-11-21 04:48:04,369 - INFO - Epoch 10/30 | train_loss=0.8729 | train_acc=0.6450 | test_loss=1.4922 | test_acc=0.3950 | best_acc=0.4200 | lr=0.001000
2025-11-21 04:50:59,469 - INFO - Epoch 11/30 | train_loss=0.8768 | train_acc=0.6450 | test_loss=1.6343 | test_acc=0.3750 | best_acc=0.4200 | lr=0.001000
2025-11-21 04:53:55,417 - INFO - Epoch 12/30 | train_loss=0.9090 | train_acc=0.6562 | test_loss=1.7073 | test_acc=0.4000 | best_acc=0.4200 | lr=0.001000
2025-11-21 04:56:53,105 - INFO - Epoch 13/30 | train_loss=0.8807 | train_acc=0.6450 | test_loss=1.6931 | test_acc=0.3850 | best_acc=0.4200 | lr=0.000500
2025-11-21 04:59:52,144 - INFO - Epoch 14/30 | train_loss=0.8216 | train_acc=0.6700 | test_loss=1.6551 | test_acc=0.4100 | best_acc=0.4200 | lr=0.000500
2025-11-21 05:02:47,098 - INFO - Epoch 15/30 | train_loss=0.8167 | train_acc=0.6750 | test_loss=1.6394 | test_acc=0.3850 | best_acc=0.4200 | lr=0.000500
2025-11-21 05:05:44,071 - INFO - Epoch 16/30 | train_loss=0.7739 | train_acc=0.6813 | test_loss=1.5972 | test_acc=0.4150 | best_acc=0.4200 | lr=0.000500
2025-11-21 05:08:41,961 - INFO - Epoch 17/30 | train_loss=0.7920 | train_acc=0.6950 | test_loss=1.7191 | test_acc=0.4050 | best_acc=0.4200 | lr=0.000500
2025-11-21 05:11:38,317 - INFO - Epoch 18/30 | train_loss=0.7700 | train_acc=0.6925 | test_loss=1.7858 | test_acc=0.4050 | best_acc=0.4200 | lr=0.000500
2025-11-21 05:14:34,708 - INFO - Epoch 19/30 | train_loss=0.8141 | train_acc=0.6863 | test_loss=1.7316 | test_acc=0.4150 | best_acc=0.4200 | lr=0.000500
2025-11-21 05:17:30,081 - INFO - Epoch 20/30 | train_loss=0.7823 | train_acc=0.6925 | test_loss=1.6716 | test_acc=0.3950 | best_acc=0.4200 | lr=0.000500
2025-11-21 05:20:25,905 - INFO - Epoch 21/30 | train_loss=0.7859 | train_acc=0.6950 | test_loss=1.6693 | test_acc=0.4150 | best_acc=0.4200 | lr=0.000500
2025-11-21 05:23:20,568 - INFO - Epoch 22/30 | train_loss=0.7657 | train_acc=0.6987 | test_loss=1.6626 | test_acc=0.4200 | best_acc=0.4200 | lr=0.000500
2025-11-21 05:26:18,269 - INFO - Epoch 23/30 | train_loss=0.7345 | train_acc=0.7125 | test_loss=1.7495 | test_acc=0.4150 | best_acc=0.4200 | lr=0.000500
2025-11-21 05:29:18,076 - INFO - Epoch 24/30 | train_loss=0.7279 | train_acc=0.7175 | test_loss=1.7103 | test_acc=0.4250 | best_acc=0.4250 | lr=0.000250
2025-11-21 05:32:15,771 - INFO - Epoch 25/30 | train_loss=0.7128 | train_acc=0.7200 | test_loss=1.7604 | test_acc=0.4200 | best_acc=0.4250 | lr=0.000250
2025-11-21 05:35:13,525 - INFO - Epoch 26/30 | train_loss=0.7226 | train_acc=0.7212 | test_loss=1.6572 | test_acc=0.4500 | best_acc=0.4500 | lr=0.000250
2025-11-21 05:38:08,611 - INFO - Epoch 27/30 | train_loss=0.7077 | train_acc=0.7325 | test_loss=1.7705 | test_acc=0.4300 | best_acc=0.4500 | lr=0.000250
2025-11-21 05:41:03,868 - INFO - Epoch 28/30 | train_loss=0.6947 | train_acc=0.7338 | test_loss=1.6731 | test_acc=0.4350 | best_acc=0.4500 | lr=0.000250
2025-11-21 05:43:59,083 - INFO - Epoch 29/30 | train_loss=0.7055 | train_acc=0.7200 | test_loss=1.7157 | test_acc=0.4300 | best_acc=0.4500 | lr=0.000250
2025-11-21 05:46:54,438 - INFO - Epoch 30/30 | train_loss=0.7231 | train_acc=0.7350 | test_loss=1.6797 | test_acc=0.4450 | best_acc=0.4500 | lr=0.000250
2025-11-21 05:46:54,440 - INFO - Trial 4 completed | acc=0.4500 (45.00%) | duration=93.85 min
2025-11-21 05:46:54,440 - INFO - *** New best score: 0.4500 (45.00%) ***
2025-11-21 05:46:54,440 - INFO - ------------------------------------------------------------
2025-11-21 05:46:54,440 - INFO - Trial 5/6
2025-11-21 05:46:54,444 - INFO - Params | lr=0.000300 | batch=32 | hidden=64 | layers=3 | dropout=0.40 | wd=0.000100 | gat=False | segments=75 | grad_clip=1.00
2025-11-21 05:46:54,445 - INFO - Loading SARTAJ dataset | segments=75 | batch_size=32
2025-11-21 05:46:54,665 - INFO - Initializing model | hidden_dim=64 | layers=3 | dropout=0.40 | use_gat=False
2025-11-21 05:49:50,731 - INFO - Epoch 1/30 | train_loss=2.3164 | train_acc=0.2675 | test_loss=1.4310 | test_acc=0.2600 | best_acc=0.2600 | lr=0.000300
2025-11-21 05:52:46,214 - INFO - Epoch 2/30 | train_loss=1.6000 | train_acc=0.2725 | test_loss=1.4007 | test_acc=0.1800 | best_acc=0.2600 | lr=0.000300
2025-11-21 05:55:44,816 - INFO - Epoch 3/30 | train_loss=1.4177 | train_acc=0.2925 | test_loss=1.4068 | test_acc=0.2850 | best_acc=0.2850 | lr=0.000300
2025-11-21 05:58:43,904 - INFO - Epoch 4/30 | train_loss=1.3475 | train_acc=0.3550 | test_loss=1.3953 | test_acc=0.3400 | best_acc=0.3400 | lr=0.000300
2025-11-21 06:01:41,650 - INFO - Epoch 5/30 | train_loss=1.3231 | train_acc=0.3663 | test_loss=1.4065 | test_acc=0.3400 | best_acc=0.3400 | lr=0.000300
2025-11-21 06:04:38,510 - INFO - Epoch 6/30 | train_loss=1.2760 | train_acc=0.3950 | test_loss=1.4176 | test_acc=0.3000 | best_acc=0.3400 | lr=0.000300
2025-11-21 06:07:33,353 - INFO - Epoch 7/30 | train_loss=1.2900 | train_acc=0.3962 | test_loss=1.3932 | test_acc=0.3300 | best_acc=0.3400 | lr=0.000300
2025-11-21 06:10:29,358 - INFO - Epoch 8/30 | train_loss=1.2800 | train_acc=0.3950 | test_loss=1.4123 | test_acc=0.3400 | best_acc=0.3400 | lr=0.000300
2025-11-21 06:13:24,956 - INFO - Epoch 9/30 | train_loss=1.2445 | train_acc=0.4275 | test_loss=1.3907 | test_acc=0.3550 | best_acc=0.3550 | lr=0.000300
2025-11-21 06:16:20,460 - INFO - Epoch 10/30 | train_loss=1.2452 | train_acc=0.4275 | test_loss=1.3902 | test_acc=0.3350 | best_acc=0.3550 | lr=0.000300
2025-11-21 06:19:18,693 - INFO - Epoch 11/30 | train_loss=1.1959 | train_acc=0.4625 | test_loss=1.4119 | test_acc=0.3350 | best_acc=0.3550 | lr=0.000300
2025-11-21 06:22:14,294 - INFO - Epoch 12/30 | train_loss=1.2228 | train_acc=0.4125 | test_loss=1.4512 | test_acc=0.3450 | best_acc=0.3550 | lr=0.000300
2025-11-21 06:25:09,916 - INFO - Epoch 13/30 | train_loss=1.1857 | train_acc=0.4512 | test_loss=1.4471 | test_acc=0.3400 | best_acc=0.3550 | lr=0.000300
2025-11-21 06:28:06,380 - INFO - Epoch 14/30 | train_loss=1.1635 | train_acc=0.4612 | test_loss=1.4614 | test_acc=0.3350 | best_acc=0.3550 | lr=0.000300
2025-11-21 06:31:04,587 - INFO - Epoch 15/30 | train_loss=1.1556 | train_acc=0.4938 | test_loss=1.4349 | test_acc=0.3450 | best_acc=0.3550 | lr=0.000300
2025-11-21 06:34:00,533 - INFO - Epoch 16/30 | train_loss=1.1555 | train_acc=0.4863 | test_loss=1.4966 | test_acc=0.3300 | best_acc=0.3550 | lr=0.000300
2025-11-21 06:36:55,379 - INFO - Epoch 17/30 | train_loss=1.1385 | train_acc=0.4725 | test_loss=1.4631 | test_acc=0.3300 | best_acc=0.3550 | lr=0.000300
2025-11-21 06:39:53,767 - INFO - Epoch 18/30 | train_loss=1.1243 | train_acc=0.4938 | test_loss=1.4816 | test_acc=0.3500 | best_acc=0.3550 | lr=0.000300
2025-11-21 06:42:52,303 - INFO - Epoch 19/30 | train_loss=1.0974 | train_acc=0.4888 | test_loss=1.4869 | test_acc=0.3400 | best_acc=0.3550 | lr=0.000300
2025-11-21 06:45:49,898 - INFO - Epoch 20/30 | train_loss=1.1017 | train_acc=0.5387 | test_loss=1.4930 | test_acc=0.3250 | best_acc=0.3550 | lr=0.000300
2025-11-21 06:48:46,777 - INFO - Epoch 21/30 | train_loss=1.0666 | train_acc=0.5525 | test_loss=1.5206 | test_acc=0.3600 | best_acc=0.3600 | lr=0.000150
2025-11-21 06:51:42,715 - INFO - Epoch 22/30 | train_loss=1.0784 | train_acc=0.5363 | test_loss=1.5038 | test_acc=0.3450 | best_acc=0.3600 | lr=0.000150
2025-11-21 06:54:39,631 - INFO - Epoch 23/30 | train_loss=1.0873 | train_acc=0.5088 | test_loss=1.5111 | test_acc=0.3600 | best_acc=0.3600 | lr=0.000150
2025-11-21 06:57:38,589 - INFO - Epoch 24/30 | train_loss=1.0247 | train_acc=0.5600 | test_loss=1.5214 | test_acc=0.3500 | best_acc=0.3600 | lr=0.000150
2025-11-21 07:00:45,495 - INFO - Epoch 25/30 | train_loss=1.0551 | train_acc=0.5550 | test_loss=1.5495 | test_acc=0.3600 | best_acc=0.3600 | lr=0.000150
2025-11-21 07:03:42,572 - INFO - Epoch 26/30 | train_loss=1.0002 | train_acc=0.5875 | test_loss=1.5790 | test_acc=0.3700 | best_acc=0.3700 | lr=0.000150
2025-11-21 07:06:37,004 - INFO - Epoch 27/30 | train_loss=1.0299 | train_acc=0.5700 | test_loss=1.5926 | test_acc=0.3500 | best_acc=0.3700 | lr=0.000150
2025-11-21 07:09:35,085 - INFO - Epoch 28/30 | train_loss=1.0089 | train_acc=0.5750 | test_loss=1.6026 | test_acc=0.3600 | best_acc=0.3700 | lr=0.000150
2025-11-21 07:12:30,911 - INFO - Epoch 29/30 | train_loss=1.0196 | train_acc=0.5587 | test_loss=1.6024 | test_acc=0.3450 | best_acc=0.3700 | lr=0.000150
2025-11-21 07:15:28,008 - INFO - Epoch 30/30 | train_loss=1.0066 | train_acc=0.5737 | test_loss=1.6205 | test_acc=0.3550 | best_acc=0.3700 | lr=0.000150
2025-11-21 07:15:28,013 - INFO - Trial 5 completed | acc=0.3700 (37.00%) | duration=88.56 min
2025-11-21 07:15:28,013 - INFO - ------------------------------------------------------------
2025-11-21 07:15:28,013 - INFO - Trial 6/6
2025-11-21 07:15:28,015 - INFO - Params | lr=0.000300 | batch=32 | hidden=128 | layers=3 | dropout=0.30 | wd=0.000010 | gat=True | segments=50 | grad_clip=0.50
2025-11-21 07:15:28,017 - INFO - Loading SARTAJ dataset | segments=50 | batch_size=32
2025-11-21 07:15:28,172 - INFO - Initializing model | hidden_dim=128 | layers=3 | dropout=0.30 | use_gat=True
2025-11-21 07:17:30,308 - INFO - Epoch 1/30 | train_loss=1.4662 | train_acc=0.2938 | test_loss=1.3775 | test_acc=0.2500 | best_acc=0.2500 | lr=0.000300
2025-11-21 07:19:32,900 - INFO - Epoch 2/30 | train_loss=1.3155 | train_acc=0.3588 | test_loss=1.3765 | test_acc=0.3450 | best_acc=0.3450 | lr=0.000300
2025-11-21 07:21:36,073 - INFO - Epoch 3/30 | train_loss=1.2276 | train_acc=0.4338 | test_loss=1.4442 | test_acc=0.3650 | best_acc=0.3650 | lr=0.000300
2025-11-21 07:23:38,173 - INFO - Epoch 4/30 | train_loss=1.1786 | train_acc=0.4875 | test_loss=1.5327 | test_acc=0.3500 | best_acc=0.3650 | lr=0.000300
2025-11-21 07:25:39,630 - INFO - Epoch 5/30 | train_loss=1.1314 | train_acc=0.4975 | test_loss=1.5570 | test_acc=0.3300 | best_acc=0.3650 | lr=0.000300
2025-11-21 07:27:42,501 - INFO - Epoch 6/30 | train_loss=1.0735 | train_acc=0.5300 | test_loss=1.6102 | test_acc=0.3400 | best_acc=0.3650 | lr=0.000300
2025-11-21 07:29:47,484 - INFO - Epoch 7/30 | train_loss=1.0053 | train_acc=0.5663 | test_loss=1.7192 | test_acc=0.3350 | best_acc=0.3650 | lr=0.000300
2025-11-21 07:31:50,273 - INFO - Epoch 8/30 | train_loss=0.9991 | train_acc=0.5675 | test_loss=1.6910 | test_acc=0.3700 | best_acc=0.3700 | lr=0.000300
2025-11-21 07:33:52,835 - INFO - Epoch 9/30 | train_loss=0.9735 | train_acc=0.5750 | test_loss=1.7211 | test_acc=0.3500 | best_acc=0.3700 | lr=0.000300
2025-11-21 07:35:54,840 - INFO - Epoch 10/30 | train_loss=0.9446 | train_acc=0.6112 | test_loss=1.7648 | test_acc=0.3750 | best_acc=0.3750 | lr=0.000300
2025-11-21 07:37:57,778 - INFO - Epoch 11/30 | train_loss=0.9325 | train_acc=0.6000 | test_loss=1.8325 | test_acc=0.3700 | best_acc=0.3750 | lr=0.000300
2025-11-21 07:40:01,289 - INFO - Epoch 12/30 | train_loss=0.9218 | train_acc=0.6162 | test_loss=1.8691 | test_acc=0.3350 | best_acc=0.3750 | lr=0.000300
2025-11-21 07:42:02,500 - INFO - Epoch 13/30 | train_loss=0.8878 | train_acc=0.6238 | test_loss=1.8256 | test_acc=0.3550 | best_acc=0.3750 | lr=0.000150
2025-11-21 07:44:04,677 - INFO - Epoch 14/30 | train_loss=0.8252 | train_acc=0.6775 | test_loss=1.9725 | test_acc=0.3650 | best_acc=0.3750 | lr=0.000150
2025-11-21 07:46:07,003 - INFO - Epoch 15/30 | train_loss=0.8576 | train_acc=0.6625 | test_loss=1.9757 | test_acc=0.3650 | best_acc=0.3750 | lr=0.000150
2025-11-21 07:48:10,311 - INFO - Epoch 16/30 | train_loss=0.8121 | train_acc=0.6813 | test_loss=2.1298 | test_acc=0.3700 | best_acc=0.3750 | lr=0.000150
2025-11-21 07:50:12,584 - INFO - Epoch 17/30 | train_loss=0.8155 | train_acc=0.6713 | test_loss=2.0495 | test_acc=0.3700 | best_acc=0.3750 | lr=0.000150
2025-11-21 07:52:13,350 - INFO - Epoch 18/30 | train_loss=0.8184 | train_acc=0.6775 | test_loss=2.0670 | test_acc=0.3650 | best_acc=0.3750 | lr=0.000150
2025-11-21 07:54:15,101 - INFO - Epoch 19/30 | train_loss=0.7847 | train_acc=0.6937 | test_loss=2.0055 | test_acc=0.3800 | best_acc=0.3800 | lr=0.000150
2025-11-21 07:56:17,591 - INFO - Epoch 20/30 | train_loss=0.7490 | train_acc=0.7188 | test_loss=2.0549 | test_acc=0.3850 | best_acc=0.3850 | lr=0.000150
2025-11-21 07:58:22,230 - INFO - Epoch 21/30 | train_loss=0.7420 | train_acc=0.7075 | test_loss=2.1032 | test_acc=0.3800 | best_acc=0.3850 | lr=0.000150
2025-11-21 08:00:29,519 - INFO - Epoch 22/30 | train_loss=0.7539 | train_acc=0.7100 | test_loss=2.1149 | test_acc=0.3700 | best_acc=0.3850 | lr=0.000150
2025-11-21 08:02:31,704 - INFO - Epoch 23/30 | train_loss=0.7654 | train_acc=0.6987 | test_loss=1.9946 | test_acc=0.3750 | best_acc=0.3850 | lr=0.000150
2025-11-21 08:04:36,499 - INFO - Epoch 24/30 | train_loss=0.7522 | train_acc=0.7150 | test_loss=2.0491 | test_acc=0.3800 | best_acc=0.3850 | lr=0.000075
2025-11-21 08:06:39,050 - INFO - Epoch 25/30 | train_loss=0.7267 | train_acc=0.7212 | test_loss=2.0200 | test_acc=0.3700 | best_acc=0.3850 | lr=0.000075
2025-11-21 08:08:44,527 - INFO - Epoch 26/30 | train_loss=0.7393 | train_acc=0.7125 | test_loss=2.1904 | test_acc=0.3850 | best_acc=0.3850 | lr=0.000075
2025-11-21 08:10:47,190 - INFO - Epoch 27/30 | train_loss=0.7093 | train_acc=0.7050 | test_loss=2.0554 | test_acc=0.3550 | best_acc=0.3850 | lr=0.000075
2025-11-21 08:12:48,762 - INFO - Epoch 28/30 | train_loss=0.7002 | train_acc=0.7175 | test_loss=2.0918 | test_acc=0.3850 | best_acc=0.3850 | lr=0.000075
2025-11-21 08:14:53,891 - INFO - Epoch 29/30 | train_loss=0.6871 | train_acc=0.7262 | test_loss=2.1043 | test_acc=0.3850 | best_acc=0.3850 | lr=0.000075
2025-11-21 08:16:55,882 - INFO - Epoch 30/30 | train_loss=0.6855 | train_acc=0.7425 | test_loss=2.1975 | test_acc=0.3850 | best_acc=0.3850 | lr=0.000075
2025-11-21 08:16:55,889 - INFO - Trial 6 completed | acc=0.3850 (38.50%) | duration=61.46 min
2025-11-21 08:16:55,889 - INFO - Top 3 trials:
2025-11-21 08:16:55,910 - INFO - Rank 1 | Acc: 0.4500 | LR: 0.00100 | Batch: 32 | Hidden: 64 | Layers: 3 | Dropout: 0.30 | GAT: N | Segments: 75 | Time: 93.85 min
2025-11-21 08:16:55,910 - INFO - Rank 2 | Acc: 0.3850 | LR: 0.00030 | Batch: 32 | Hidden: 128 | Layers: 3 | Dropout: 0.30 | GAT: Y | Segments: 50 | Time: 61.46 min
2025-11-21 08:16:55,910 - INFO - Rank 3 | Acc: 0.3750 | LR: 0.00050 | Batch: 16 | Hidden: 64 | Layers: 2 | Dropout: 0.40 | GAT: Y | Segments: 75 | Time: 196.90 min
2025-11-21 08:16:55,910 - INFO - Best score 0.4500 (45.00%) achieved with params: {'lr': 0.001, 'batch_size': 32, 'hidden_dim': 64, 'num_layers': 3, 'dropout': 0.3, 'weight_decay': 5e-05, 'use_gat': False, 'n_segments': 75, 'grad_clip': 0.5}
2025-11-21 08:16:55,910 - INFO - Logs saved to logs/hyperparam_search_sartaj_quick_20251120_210854.log
