2025-11-20 20:21:52,719 - INFO - ============================================================
2025-11-20 20:21:52,719 - INFO - Random Search | dataset=BR35H | mode=quick | trials=6 | epochs=30
2025-11-20 20:21:52,719 - INFO - Search space sizes: {'lr': 3, 'batch_size': 2, 'hidden_dim': 2, 'num_layers': 2, 'dropout': 2, 'weight_decay': 3, 'use_gat': 2, 'n_segments': 2, 'grad_clip': 2}
2025-11-20 20:21:52,720 - INFO - ------------------------------------------------------------
2025-11-20 20:21:52,720 - INFO - Trial 1/6
2025-11-20 20:21:52,720 - INFO - Params | lr=0.001000 | batch=16 | hidden=128 | layers=3 | dropout=0.40 | wd=0.000050 | gat=True | segments=50 | grad_clip=1.00
2025-11-20 20:21:52,720 - INFO - Loading BR35H dataset | segments=50 | batch_size=16
2025-11-20 20:21:52,924 - INFO - Initializing model | hidden_dim=128 | layers=3 | dropout=0.40 | use_gat=True
2025-11-20 20:29:54,102 - INFO - Epoch 1/30 | train_loss=0.6822 | train_acc=0.6121 | test_loss=0.5829 | test_acc=0.7017 | best_acc=0.7017 | lr=0.001000
2025-11-20 20:35:23,229 - INFO - Epoch 2/30 | train_loss=0.5959 | train_acc=0.6929 | test_loss=0.4891 | test_acc=0.7583 | best_acc=0.7583 | lr=0.001000
2025-11-20 20:56:28,199 - INFO - Epoch 3/30 | train_loss=0.5184 | train_acc=0.7600 | test_loss=0.4200 | test_acc=0.8183 | best_acc=0.8183 | lr=0.001000
2025-11-20 21:10:53,770 - INFO - Epoch 4/30 | train_loss=0.4856 | train_acc=0.7871 | test_loss=0.4282 | test_acc=0.8100 | best_acc=0.8183 | lr=0.001000
2025-11-20 21:48:47,085 - INFO - Epoch 5/30 | train_loss=0.4539 | train_acc=0.8017 | test_loss=0.4372 | test_acc=0.7717 | best_acc=0.8183 | lr=0.001000
2025-11-20 21:55:13,419 - INFO - Epoch 6/30 | train_loss=0.4225 | train_acc=0.8267 | test_loss=0.4269 | test_acc=0.7917 | best_acc=0.8183 | lr=0.001000
2025-11-20 22:01:55,893 - INFO - Epoch 7/30 | train_loss=0.4275 | train_acc=0.8163 | test_loss=0.3955 | test_acc=0.8150 | best_acc=0.8183 | lr=0.001000
2025-11-20 22:08:58,366 - INFO - Epoch 8/30 | train_loss=0.4384 | train_acc=0.8237 | test_loss=0.4831 | test_acc=0.8117 | best_acc=0.8183 | lr=0.001000
2025-11-20 22:16:20,741 - INFO - Epoch 9/30 | train_loss=0.4082 | train_acc=0.8292 | test_loss=0.4353 | test_acc=0.7867 | best_acc=0.8183 | lr=0.001000
2025-11-20 22:23:51,268 - INFO - Epoch 10/30 | train_loss=0.4049 | train_acc=0.8308 | test_loss=0.4020 | test_acc=0.8050 | best_acc=0.8183 | lr=0.001000
2025-11-20 22:31:24,485 - INFO - Epoch 11/30 | train_loss=0.4239 | train_acc=0.8346 | test_loss=0.4865 | test_acc=0.7667 | best_acc=0.8183 | lr=0.001000
2025-11-20 22:39:08,471 - INFO - Epoch 12/30 | train_loss=0.4220 | train_acc=0.8254 | test_loss=0.5214 | test_acc=0.7383 | best_acc=0.8183 | lr=0.001000
2025-11-20 22:46:44,454 - INFO - Epoch 13/30 | train_loss=0.3873 | train_acc=0.8413 | test_loss=0.6589 | test_acc=0.7750 | best_acc=0.8183 | lr=0.001000
2025-11-20 22:55:28,166 - INFO - Epoch 14/30 | train_loss=0.4071 | train_acc=0.8429 | test_loss=0.5083 | test_acc=0.8017 | best_acc=0.8183 | lr=0.001000
2025-11-20 23:04:18,007 - INFO - Epoch 15/30 | train_loss=0.4112 | train_acc=0.8425 | test_loss=0.4041 | test_acc=0.8167 | best_acc=0.8183 | lr=0.001000
2025-11-20 23:47:33,219 - INFO - Epoch 16/30 | train_loss=0.3942 | train_acc=0.8442 | test_loss=0.5000 | test_acc=0.7850 | best_acc=0.8183 | lr=0.001000
2025-11-21 00:05:08,361 - INFO - Epoch 17/30 | train_loss=0.3911 | train_acc=0.8375 | test_loss=0.3644 | test_acc=0.8633 | best_acc=0.8633 | lr=0.001000
2025-11-21 00:10:31,752 - INFO - Epoch 18/30 | train_loss=0.4024 | train_acc=0.8408 | test_loss=0.3855 | test_acc=0.8217 | best_acc=0.8633 | lr=0.001000
2025-11-21 00:16:02,650 - INFO - Epoch 19/30 | train_loss=0.4050 | train_acc=0.8475 | test_loss=0.4375 | test_acc=0.8117 | best_acc=0.8633 | lr=0.001000
2025-11-21 00:21:40,135 - INFO - Epoch 20/30 | train_loss=0.3939 | train_acc=0.8433 | test_loss=0.3735 | test_acc=0.8100 | best_acc=0.8633 | lr=0.001000
2025-11-21 00:27:11,323 - INFO - Epoch 21/30 | train_loss=0.3668 | train_acc=0.8583 | test_loss=0.4037 | test_acc=0.7867 | best_acc=0.8633 | lr=0.001000
2025-11-21 00:32:54,807 - INFO - Epoch 22/30 | train_loss=0.3912 | train_acc=0.8554 | test_loss=0.4275 | test_acc=0.8050 | best_acc=0.8633 | lr=0.001000
2025-11-21 00:39:12,420 - INFO - Epoch 23/30 | train_loss=0.3853 | train_acc=0.8542 | test_loss=0.3811 | test_acc=0.8367 | best_acc=0.8633 | lr=0.001000
2025-11-21 00:45:49,639 - INFO - Epoch 24/30 | train_loss=0.3572 | train_acc=0.8562 | test_loss=0.5579 | test_acc=0.7950 | best_acc=0.8633 | lr=0.001000
2025-11-21 00:52:23,964 - INFO - Epoch 25/30 | train_loss=0.3705 | train_acc=0.8550 | test_loss=0.5012 | test_acc=0.7983 | best_acc=0.8633 | lr=0.001000
2025-11-21 00:58:36,369 - INFO - Epoch 26/30 | train_loss=0.3726 | train_acc=0.8625 | test_loss=0.4598 | test_acc=0.7833 | best_acc=0.8633 | lr=0.001000
2025-11-21 01:06:02,562 - INFO - Epoch 27/30 | train_loss=0.3516 | train_acc=0.8592 | test_loss=0.5037 | test_acc=0.7783 | best_acc=0.8633 | lr=0.001000
2025-11-21 01:14:05,112 - INFO - Epoch 28/30 | train_loss=0.3686 | train_acc=0.8596 | test_loss=0.4001 | test_acc=0.8333 | best_acc=0.8633 | lr=0.000500
2025-11-21 01:21:40,946 - INFO - Epoch 29/30 | train_loss=0.3459 | train_acc=0.8642 | test_loss=0.4355 | test_acc=0.7983 | best_acc=0.8633 | lr=0.000500
2025-11-21 01:28:44,521 - INFO - Epoch 30/30 | train_loss=0.3408 | train_acc=0.8717 | test_loss=0.4047 | test_acc=0.8167 | best_acc=0.8633 | lr=0.000500
2025-11-21 01:28:44,548 - INFO - Trial 1 completed | acc=0.8633 (86.33%) | duration=306.86 min
2025-11-21 01:28:44,549 - INFO - *** New best score: 0.8633 (86.33%) ***
2025-11-21 01:28:44,549 - INFO - ------------------------------------------------------------
2025-11-21 01:28:44,549 - INFO - Trial 2/6
2025-11-21 01:28:44,554 - INFO - Params | lr=0.001000 | batch=32 | hidden=64 | layers=2 | dropout=0.30 | wd=0.000010 | gat=True | segments=50 | grad_clip=1.00
2025-11-21 01:28:44,556 - INFO - Loading BR35H dataset | segments=50 | batch_size=32
2025-11-21 01:28:44,754 - INFO - Initializing model | hidden_dim=64 | layers=2 | dropout=0.30 | use_gat=True
2025-11-21 01:36:00,721 - INFO - Epoch 1/30 | train_loss=0.6757 | train_acc=0.6012 | test_loss=0.5452 | test_acc=0.7317 | best_acc=0.7317 | lr=0.001000
2025-11-21 01:42:38,285 - INFO - Epoch 2/30 | train_loss=0.5986 | train_acc=0.6913 | test_loss=0.5253 | test_acc=0.7300 | best_acc=0.7317 | lr=0.001000
2025-11-21 01:49:24,321 - INFO - Epoch 3/30 | train_loss=0.5467 | train_acc=0.7212 | test_loss=0.4878 | test_acc=0.7467 | best_acc=0.7467 | lr=0.001000
2025-11-21 01:56:01,393 - INFO - Epoch 4/30 | train_loss=0.5343 | train_acc=0.7417 | test_loss=0.4838 | test_acc=0.7400 | best_acc=0.7467 | lr=0.001000
2025-11-21 02:02:45,720 - INFO - Epoch 5/30 | train_loss=0.5029 | train_acc=0.7571 | test_loss=0.4474 | test_acc=0.7617 | best_acc=0.7617 | lr=0.001000
2025-11-21 02:09:24,486 - INFO - Epoch 6/30 | train_loss=0.4966 | train_acc=0.7717 | test_loss=0.4379 | test_acc=0.7817 | best_acc=0.7817 | lr=0.001000
2025-11-21 02:16:03,695 - INFO - Epoch 7/30 | train_loss=0.4834 | train_acc=0.7662 | test_loss=0.4385 | test_acc=0.7867 | best_acc=0.7867 | lr=0.001000
2025-11-21 02:22:42,825 - INFO - Epoch 8/30 | train_loss=0.4760 | train_acc=0.7779 | test_loss=0.4353 | test_acc=0.7700 | best_acc=0.7867 | lr=0.001000
2025-11-21 02:29:28,874 - INFO - Epoch 9/30 | train_loss=0.4778 | train_acc=0.7771 | test_loss=0.4234 | test_acc=0.8017 | best_acc=0.8017 | lr=0.001000
2025-11-21 02:36:03,701 - INFO - Epoch 10/30 | train_loss=0.4709 | train_acc=0.7879 | test_loss=0.4135 | test_acc=0.7967 | best_acc=0.8017 | lr=0.001000
2025-11-21 02:42:42,768 - INFO - Epoch 11/30 | train_loss=0.4559 | train_acc=0.7937 | test_loss=0.4362 | test_acc=0.7833 | best_acc=0.8017 | lr=0.001000
2025-11-21 02:49:21,445 - INFO - Epoch 12/30 | train_loss=0.4480 | train_acc=0.7946 | test_loss=0.4128 | test_acc=0.7917 | best_acc=0.8017 | lr=0.001000
2025-11-21 02:55:59,117 - INFO - Epoch 13/30 | train_loss=0.4391 | train_acc=0.7967 | test_loss=0.3986 | test_acc=0.8067 | best_acc=0.8067 | lr=0.001000
2025-11-21 03:02:37,266 - INFO - Epoch 14/30 | train_loss=0.4425 | train_acc=0.8013 | test_loss=0.3933 | test_acc=0.8167 | best_acc=0.8167 | lr=0.001000
2025-11-21 03:09:15,468 - INFO - Epoch 15/30 | train_loss=0.4297 | train_acc=0.8058 | test_loss=0.3882 | test_acc=0.8200 | best_acc=0.8200 | lr=0.001000
2025-11-21 03:15:50,894 - INFO - Epoch 16/30 | train_loss=0.4358 | train_acc=0.7996 | test_loss=0.3948 | test_acc=0.8067 | best_acc=0.8200 | lr=0.001000
2025-11-21 03:22:24,991 - INFO - Epoch 17/30 | train_loss=0.4362 | train_acc=0.8121 | test_loss=0.3796 | test_acc=0.8250 | best_acc=0.8250 | lr=0.001000
2025-11-21 03:28:58,468 - INFO - Epoch 18/30 | train_loss=0.4266 | train_acc=0.8063 | test_loss=0.3753 | test_acc=0.8283 | best_acc=0.8283 | lr=0.001000
2025-11-21 03:35:35,670 - INFO - Epoch 19/30 | train_loss=0.4198 | train_acc=0.8100 | test_loss=0.3683 | test_acc=0.8383 | best_acc=0.8383 | lr=0.001000
2025-11-21 03:42:07,882 - INFO - Epoch 20/30 | train_loss=0.4177 | train_acc=0.8121 | test_loss=0.3734 | test_acc=0.8283 | best_acc=0.8383 | lr=0.001000
2025-11-21 03:48:40,855 - INFO - Epoch 21/30 | train_loss=0.4093 | train_acc=0.8133 | test_loss=0.3772 | test_acc=0.8317 | best_acc=0.8383 | lr=0.001000
2025-11-21 03:55:11,457 - INFO - Epoch 22/30 | train_loss=0.4069 | train_acc=0.8187 | test_loss=0.3762 | test_acc=0.8350 | best_acc=0.8383 | lr=0.001000
2025-11-21 04:01:49,417 - INFO - Epoch 23/30 | train_loss=0.3973 | train_acc=0.8325 | test_loss=0.3588 | test_acc=0.8483 | best_acc=0.8483 | lr=0.001000
2025-11-21 04:08:20,533 - INFO - Epoch 24/30 | train_loss=0.3958 | train_acc=0.8250 | test_loss=0.3537 | test_acc=0.8483 | best_acc=0.8483 | lr=0.001000
2025-11-21 04:14:53,974 - INFO - Epoch 25/30 | train_loss=0.3972 | train_acc=0.8267 | test_loss=0.3508 | test_acc=0.8600 | best_acc=0.8600 | lr=0.001000
2025-11-21 04:21:24,089 - INFO - Epoch 26/30 | train_loss=0.3877 | train_acc=0.8317 | test_loss=0.3470 | test_acc=0.8433 | best_acc=0.8600 | lr=0.001000
2025-11-21 04:27:57,451 - INFO - Epoch 27/30 | train_loss=0.3803 | train_acc=0.8358 | test_loss=0.3428 | test_acc=0.8617 | best_acc=0.8617 | lr=0.001000
2025-11-21 04:34:35,767 - INFO - Epoch 28/30 | train_loss=0.3805 | train_acc=0.8287 | test_loss=0.3422 | test_acc=0.8433 | best_acc=0.8617 | lr=0.001000
2025-11-21 04:40:57,347 - INFO - Epoch 29/30 | train_loss=0.3667 | train_acc=0.8408 | test_loss=0.3414 | test_acc=0.8583 | best_acc=0.8617 | lr=0.001000
2025-11-21 04:46:05,357 - INFO - Epoch 30/30 | train_loss=0.3785 | train_acc=0.8387 | test_loss=0.3447 | test_acc=0.8483 | best_acc=0.8617 | lr=0.001000
2025-11-21 04:46:05,366 - INFO - Trial 2 completed | acc=0.8617 (86.17%) | duration=197.35 min
2025-11-21 04:46:05,366 - INFO - ------------------------------------------------------------
2025-11-21 04:46:05,366 - INFO - Trial 3/6
2025-11-21 04:46:05,373 - INFO - Params | lr=0.000500 | batch=16 | hidden=128 | layers=2 | dropout=0.40 | wd=0.000100 | gat=True | segments=75 | grad_clip=1.00
2025-11-21 04:46:05,375 - INFO - Loading BR35H dataset | segments=75 | batch_size=16
2025-11-21 04:46:05,538 - INFO - Initializing model | hidden_dim=128 | layers=2 | dropout=0.40 | use_gat=True
2025-11-21 04:53:10,561 - INFO - Epoch 1/30 | train_loss=0.7347 | train_acc=0.5679 | test_loss=0.5699 | test_acc=0.6900 | best_acc=0.6900 | lr=0.000500
2025-11-21 05:00:21,938 - INFO - Epoch 2/30 | train_loss=0.6159 | train_acc=0.6875 | test_loss=0.5335 | test_acc=0.7100 | best_acc=0.7100 | lr=0.000500
2025-11-21 05:07:33,031 - INFO - Epoch 3/30 | train_loss=0.5596 | train_acc=0.7233 | test_loss=0.5127 | test_acc=0.7383 | best_acc=0.7383 | lr=0.000500
2025-11-21 05:14:45,023 - INFO - Epoch 4/30 | train_loss=0.5480 | train_acc=0.7312 | test_loss=0.5017 | test_acc=0.7333 | best_acc=0.7383 | lr=0.000500
2025-11-21 05:21:53,596 - INFO - Epoch 5/30 | train_loss=0.5073 | train_acc=0.7533 | test_loss=0.4812 | test_acc=0.7383 | best_acc=0.7383 | lr=0.000500
2025-11-21 05:29:08,362 - INFO - Epoch 6/30 | train_loss=0.5008 | train_acc=0.7567 | test_loss=0.4819 | test_acc=0.7517 | best_acc=0.7517 | lr=0.000500
2025-11-21 05:36:18,507 - INFO - Epoch 7/30 | train_loss=0.5097 | train_acc=0.7533 | test_loss=0.5138 | test_acc=0.7350 | best_acc=0.7517 | lr=0.000500
2025-11-21 05:43:23,981 - INFO - Epoch 8/30 | train_loss=0.4835 | train_acc=0.7638 | test_loss=0.5015 | test_acc=0.7600 | best_acc=0.7600 | lr=0.000500
2025-11-21 05:50:30,523 - INFO - Epoch 9/30 | train_loss=0.4813 | train_acc=0.7679 | test_loss=0.4482 | test_acc=0.7717 | best_acc=0.7717 | lr=0.000500
2025-11-21 05:57:42,075 - INFO - Epoch 10/30 | train_loss=0.4521 | train_acc=0.7954 | test_loss=0.4494 | test_acc=0.7733 | best_acc=0.7733 | lr=0.000500
2025-11-21 06:04:52,980 - INFO - Epoch 11/30 | train_loss=0.4752 | train_acc=0.7854 | test_loss=0.4947 | test_acc=0.7500 | best_acc=0.7733 | lr=0.000500
2025-11-21 06:11:57,147 - INFO - Epoch 12/30 | train_loss=0.4622 | train_acc=0.7896 | test_loss=0.4281 | test_acc=0.7833 | best_acc=0.7833 | lr=0.000500
2025-11-21 06:19:06,221 - INFO - Epoch 13/30 | train_loss=0.4463 | train_acc=0.8054 | test_loss=0.4027 | test_acc=0.8017 | best_acc=0.8017 | lr=0.000500
2025-11-21 06:26:11,174 - INFO - Epoch 14/30 | train_loss=0.4444 | train_acc=0.8017 | test_loss=0.4285 | test_acc=0.7783 | best_acc=0.8017 | lr=0.000500
2025-11-21 06:33:19,398 - INFO - Epoch 15/30 | train_loss=0.4296 | train_acc=0.8121 | test_loss=0.4404 | test_acc=0.7683 | best_acc=0.8017 | lr=0.000500
2025-11-21 06:40:25,059 - INFO - Epoch 16/30 | train_loss=0.4165 | train_acc=0.8233 | test_loss=0.3966 | test_acc=0.7967 | best_acc=0.8017 | lr=0.000500
2025-11-21 06:47:34,305 - INFO - Epoch 17/30 | train_loss=0.4209 | train_acc=0.8167 | test_loss=0.3899 | test_acc=0.8067 | best_acc=0.8067 | lr=0.000500
2025-11-21 06:54:40,354 - INFO - Epoch 18/30 | train_loss=0.4046 | train_acc=0.8204 | test_loss=0.4269 | test_acc=0.7750 | best_acc=0.8067 | lr=0.000500
2025-11-21 07:01:58,831 - INFO - Epoch 19/30 | train_loss=0.3949 | train_acc=0.8300 | test_loss=0.3976 | test_acc=0.8000 | best_acc=0.8067 | lr=0.000500
2025-11-21 07:09:03,250 - INFO - Epoch 20/30 | train_loss=0.4104 | train_acc=0.8279 | test_loss=0.3713 | test_acc=0.8200 | best_acc=0.8200 | lr=0.000500
2025-11-21 07:16:08,433 - INFO - Epoch 21/30 | train_loss=0.4015 | train_acc=0.8300 | test_loss=0.3603 | test_acc=0.8200 | best_acc=0.8200 | lr=0.000500
2025-11-21 07:23:14,873 - INFO - Epoch 22/30 | train_loss=0.3820 | train_acc=0.8400 | test_loss=0.4576 | test_acc=0.7783 | best_acc=0.8200 | lr=0.000500
2025-11-21 07:30:23,671 - INFO - Epoch 23/30 | train_loss=0.3769 | train_acc=0.8462 | test_loss=0.3926 | test_acc=0.8100 | best_acc=0.8200 | lr=0.000500
2025-11-21 07:37:29,622 - INFO - Epoch 24/30 | train_loss=0.3520 | train_acc=0.8467 | test_loss=0.4351 | test_acc=0.7750 | best_acc=0.8200 | lr=0.000500
2025-11-21 07:44:36,547 - INFO - Epoch 25/30 | train_loss=0.3614 | train_acc=0.8567 | test_loss=0.3903 | test_acc=0.7967 | best_acc=0.8200 | lr=0.000500
2025-11-21 07:51:43,171 - INFO - Epoch 26/30 | train_loss=0.3528 | train_acc=0.8488 | test_loss=0.3539 | test_acc=0.8267 | best_acc=0.8267 | lr=0.000500
2025-11-21 07:58:54,427 - INFO - Epoch 27/30 | train_loss=0.3555 | train_acc=0.8525 | test_loss=0.3870 | test_acc=0.8083 | best_acc=0.8267 | lr=0.000500
2025-11-21 08:06:02,474 - INFO - Epoch 28/30 | train_loss=0.3726 | train_acc=0.8496 | test_loss=0.3683 | test_acc=0.8233 | best_acc=0.8267 | lr=0.000500
2025-11-21 08:13:10,662 - INFO - Epoch 29/30 | train_loss=0.3503 | train_acc=0.8592 | test_loss=0.4652 | test_acc=0.7750 | best_acc=0.8267 | lr=0.000500
2025-11-21 08:20:02,119 - INFO - Epoch 30/30 | train_loss=0.3453 | train_acc=0.8558 | test_loss=0.3660 | test_acc=0.8183 | best_acc=0.8267 | lr=0.000500
2025-11-21 08:20:02,126 - INFO - Trial 3 completed | acc=0.8267 (82.67%) | duration=213.95 min
2025-11-21 08:20:02,126 - INFO - ------------------------------------------------------------
2025-11-21 08:20:02,127 - INFO - Trial 4/6
2025-11-21 08:20:02,129 - INFO - Params | lr=0.000500 | batch=16 | hidden=64 | layers=3 | dropout=0.30 | wd=0.000100 | gat=True | segments=50 | grad_clip=1.00
2025-11-21 08:20:02,130 - INFO - Loading BR35H dataset | segments=50 | batch_size=16
2025-11-21 08:20:02,231 - INFO - Initializing model | hidden_dim=64 | layers=3 | dropout=0.30 | use_gat=True
2025-11-21 08:24:42,531 - INFO - Epoch 1/30 | train_loss=0.6781 | train_acc=0.6200 | test_loss=0.6354 | test_acc=0.6683 | best_acc=0.6683 | lr=0.000500
2025-11-21 08:29:25,776 - INFO - Epoch 2/30 | train_loss=0.5972 | train_acc=0.6867 | test_loss=0.5358 | test_acc=0.7300 | best_acc=0.7300 | lr=0.000500
2025-11-21 08:34:06,041 - INFO - Epoch 3/30 | train_loss=0.5510 | train_acc=0.7250 | test_loss=0.4953 | test_acc=0.7583 | best_acc=0.7583 | lr=0.000500
2025-11-21 08:38:52,475 - INFO - Epoch 4/30 | train_loss=0.5321 | train_acc=0.7304 | test_loss=0.4634 | test_acc=0.7783 | best_acc=0.7783 | lr=0.000500
2025-11-21 08:43:31,348 - INFO - Epoch 5/30 | train_loss=0.5176 | train_acc=0.7571 | test_loss=0.4456 | test_acc=0.7733 | best_acc=0.7783 | lr=0.000500
2025-11-21 08:48:11,345 - INFO - Epoch 6/30 | train_loss=0.4923 | train_acc=0.7646 | test_loss=0.4382 | test_acc=0.7933 | best_acc=0.7933 | lr=0.000500
2025-11-21 08:52:49,250 - INFO - Epoch 7/30 | train_loss=0.4799 | train_acc=0.7738 | test_loss=0.4167 | test_acc=0.8017 | best_acc=0.8017 | lr=0.000500
2025-11-21 08:57:27,706 - INFO - Epoch 8/30 | train_loss=0.4449 | train_acc=0.7925 | test_loss=0.3923 | test_acc=0.8083 | best_acc=0.8083 | lr=0.000500
2025-11-21 09:02:05,851 - INFO - Epoch 9/30 | train_loss=0.4432 | train_acc=0.8042 | test_loss=0.3763 | test_acc=0.8300 | best_acc=0.8300 | lr=0.000500
2025-11-21 09:06:44,195 - INFO - Epoch 10/30 | train_loss=0.4330 | train_acc=0.8104 | test_loss=0.4450 | test_acc=0.7583 | best_acc=0.8300 | lr=0.000500
2025-11-21 09:11:25,437 - INFO - Epoch 11/30 | train_loss=0.4228 | train_acc=0.8163 | test_loss=0.4018 | test_acc=0.8233 | best_acc=0.8300 | lr=0.000500
2025-11-21 09:16:03,368 - INFO - Epoch 12/30 | train_loss=0.4258 | train_acc=0.8133 | test_loss=0.3942 | test_acc=0.8183 | best_acc=0.8300 | lr=0.000500
2025-11-21 09:20:42,975 - INFO - Epoch 13/30 | train_loss=0.4069 | train_acc=0.8229 | test_loss=0.3723 | test_acc=0.8300 | best_acc=0.8300 | lr=0.000500
2025-11-21 09:25:19,145 - INFO - Epoch 14/30 | train_loss=0.3968 | train_acc=0.8296 | test_loss=0.3541 | test_acc=0.8600 | best_acc=0.8600 | lr=0.000500
2025-11-21 09:29:57,448 - INFO - Epoch 15/30 | train_loss=0.3856 | train_acc=0.8421 | test_loss=0.3575 | test_acc=0.8483 | best_acc=0.8600 | lr=0.000500
2025-11-21 09:34:34,216 - INFO - Epoch 16/30 | train_loss=0.3673 | train_acc=0.8512 | test_loss=0.3541 | test_acc=0.8367 | best_acc=0.8600 | lr=0.000500
2025-11-21 09:39:11,745 - INFO - Epoch 17/30 | train_loss=0.3831 | train_acc=0.8421 | test_loss=0.3475 | test_acc=0.8433 | best_acc=0.8600 | lr=0.000500
2025-11-21 09:43:50,652 - INFO - Epoch 18/30 | train_loss=0.3772 | train_acc=0.8483 | test_loss=0.3510 | test_acc=0.8383 | best_acc=0.8600 | lr=0.000500
2025-11-21 09:48:30,584 - INFO - Epoch 19/30 | train_loss=0.3823 | train_acc=0.8425 | test_loss=0.3301 | test_acc=0.8567 | best_acc=0.8600 | lr=0.000500
2025-11-21 09:53:10,620 - INFO - Epoch 20/30 | train_loss=0.3630 | train_acc=0.8525 | test_loss=0.3713 | test_acc=0.8100 | best_acc=0.8600 | lr=0.000500
2025-11-21 09:57:51,520 - INFO - Epoch 21/30 | train_loss=0.3640 | train_acc=0.8562 | test_loss=0.4010 | test_acc=0.8133 | best_acc=0.8600 | lr=0.000500
2025-11-21 10:02:33,728 - INFO - Epoch 22/30 | train_loss=0.3408 | train_acc=0.8558 | test_loss=0.3942 | test_acc=0.8400 | best_acc=0.8600 | lr=0.000500
2025-11-21 10:07:13,176 - INFO - Epoch 23/30 | train_loss=0.3523 | train_acc=0.8621 | test_loss=0.3549 | test_acc=0.8417 | best_acc=0.8600 | lr=0.000500
2025-11-21 10:11:51,996 - INFO - Epoch 24/30 | train_loss=0.3639 | train_acc=0.8512 | test_loss=0.3117 | test_acc=0.8583 | best_acc=0.8600 | lr=0.000500
2025-11-21 10:16:28,615 - INFO - Epoch 25/30 | train_loss=0.3366 | train_acc=0.8675 | test_loss=0.3242 | test_acc=0.8683 | best_acc=0.8683 | lr=0.000500
2025-11-21 10:21:06,215 - INFO - Epoch 26/30 | train_loss=0.3437 | train_acc=0.8662 | test_loss=0.3697 | test_acc=0.8417 | best_acc=0.8683 | lr=0.000500
2025-11-21 10:25:43,486 - INFO - Epoch 27/30 | train_loss=0.3269 | train_acc=0.8688 | test_loss=0.4358 | test_acc=0.8117 | best_acc=0.8683 | lr=0.000500
2025-11-21 10:30:20,458 - INFO - Epoch 28/30 | train_loss=0.3364 | train_acc=0.8658 | test_loss=0.3754 | test_acc=0.8200 | best_acc=0.8683 | lr=0.000500
2025-11-21 10:34:56,775 - INFO - Epoch 29/30 | train_loss=0.3388 | train_acc=0.8654 | test_loss=0.3534 | test_acc=0.8717 | best_acc=0.8717 | lr=0.000500
2025-11-21 10:39:35,310 - INFO - Epoch 30/30 | train_loss=0.3197 | train_acc=0.8729 | test_loss=0.3123 | test_acc=0.8717 | best_acc=0.8717 | lr=0.000500
2025-11-21 10:39:35,317 - INFO - Trial 4 completed | acc=0.8717 (87.17%) | duration=139.55 min
2025-11-21 10:39:35,317 - INFO - *** New best score: 0.8717 (87.17%) ***
2025-11-21 10:39:35,317 - INFO - ------------------------------------------------------------
2025-11-21 10:39:35,317 - INFO - Trial 5/6
2025-11-21 10:39:35,320 - INFO - Params | lr=0.001000 | batch=32 | hidden=128 | layers=2 | dropout=0.40 | wd=0.000050 | gat=False | segments=50 | grad_clip=0.50
2025-11-21 10:39:35,322 - INFO - Loading BR35H dataset | segments=50 | batch_size=32
2025-11-21 10:39:35,429 - INFO - Initializing model | hidden_dim=128 | layers=2 | dropout=0.40 | use_gat=False
2025-11-21 10:44:12,886 - INFO - Epoch 1/30 | train_loss=0.6836 | train_acc=0.6108 | test_loss=0.5588 | test_acc=0.7133 | best_acc=0.7133 | lr=0.001000
2025-11-21 10:48:49,708 - INFO - Epoch 2/30 | train_loss=0.5634 | train_acc=0.7037 | test_loss=0.4835 | test_acc=0.7700 | best_acc=0.7700 | lr=0.001000
2025-11-21 10:53:27,699 - INFO - Epoch 3/30 | train_loss=0.5319 | train_acc=0.7288 | test_loss=0.4607 | test_acc=0.7833 | best_acc=0.7833 | lr=0.001000
2025-11-21 10:58:05,387 - INFO - Epoch 4/30 | train_loss=0.5109 | train_acc=0.7471 | test_loss=0.4697 | test_acc=0.7533 | best_acc=0.7833 | lr=0.001000
2025-11-21 11:02:41,565 - INFO - Epoch 5/30 | train_loss=0.5158 | train_acc=0.7450 | test_loss=0.4682 | test_acc=0.7583 | best_acc=0.7833 | lr=0.001000
2025-11-21 11:07:18,535 - INFO - Epoch 6/30 | train_loss=0.4870 | train_acc=0.7567 | test_loss=0.4463 | test_acc=0.7767 | best_acc=0.7833 | lr=0.001000
2025-11-21 11:11:57,142 - INFO - Epoch 7/30 | train_loss=0.4777 | train_acc=0.7604 | test_loss=0.4580 | test_acc=0.7517 | best_acc=0.7833 | lr=0.001000
2025-11-21 11:16:34,342 - INFO - Epoch 8/30 | train_loss=0.4820 | train_acc=0.7688 | test_loss=0.4498 | test_acc=0.7833 | best_acc=0.7833 | lr=0.001000
2025-11-21 11:21:12,029 - INFO - Epoch 9/30 | train_loss=0.4687 | train_acc=0.7700 | test_loss=0.4359 | test_acc=0.8083 | best_acc=0.8083 | lr=0.001000
2025-11-21 11:25:48,220 - INFO - Epoch 10/30 | train_loss=0.4616 | train_acc=0.7767 | test_loss=0.4763 | test_acc=0.7250 | best_acc=0.8083 | lr=0.001000
2025-11-21 11:30:24,733 - INFO - Epoch 11/30 | train_loss=0.4589 | train_acc=0.7729 | test_loss=0.4547 | test_acc=0.7600 | best_acc=0.8083 | lr=0.001000
2025-11-21 11:35:00,615 - INFO - Epoch 12/30 | train_loss=0.4666 | train_acc=0.7750 | test_loss=0.4347 | test_acc=0.7750 | best_acc=0.8083 | lr=0.001000
2025-11-21 11:39:38,290 - INFO - Epoch 13/30 | train_loss=0.4633 | train_acc=0.7812 | test_loss=0.4467 | test_acc=0.7683 | best_acc=0.8083 | lr=0.001000
2025-11-21 11:44:14,616 - INFO - Epoch 14/30 | train_loss=0.4552 | train_acc=0.7754 | test_loss=0.4318 | test_acc=0.7850 | best_acc=0.8083 | lr=0.001000
2025-11-21 11:48:51,574 - INFO - Epoch 15/30 | train_loss=0.4488 | train_acc=0.7987 | test_loss=0.4233 | test_acc=0.8050 | best_acc=0.8083 | lr=0.001000
2025-11-21 11:53:28,374 - INFO - Epoch 16/30 | train_loss=0.4519 | train_acc=0.7804 | test_loss=0.4233 | test_acc=0.8117 | best_acc=0.8117 | lr=0.001000
2025-11-21 11:58:23,590 - INFO - Epoch 17/30 | train_loss=0.4443 | train_acc=0.7929 | test_loss=0.4490 | test_acc=0.7833 | best_acc=0.8117 | lr=0.001000
2025-11-21 12:03:24,297 - INFO - Epoch 18/30 | train_loss=0.4426 | train_acc=0.7896 | test_loss=0.4278 | test_acc=0.7833 | best_acc=0.8117 | lr=0.001000
2025-11-21 12:08:17,609 - INFO - Epoch 19/30 | train_loss=0.4488 | train_acc=0.7788 | test_loss=0.4530 | test_acc=0.7433 | best_acc=0.8117 | lr=0.001000
2025-11-21 12:13:17,656 - INFO - Epoch 20/30 | train_loss=0.4449 | train_acc=0.7983 | test_loss=0.4092 | test_acc=0.8100 | best_acc=0.8117 | lr=0.001000
2025-11-21 12:18:25,940 - INFO - Epoch 21/30 | train_loss=0.4363 | train_acc=0.7933 | test_loss=0.4162 | test_acc=0.8233 | best_acc=0.8233 | lr=0.001000
2025-11-21 12:23:20,415 - INFO - Epoch 22/30 | train_loss=0.4486 | train_acc=0.7958 | test_loss=0.4456 | test_acc=0.7867 | best_acc=0.8233 | lr=0.001000
2025-11-21 12:28:01,932 - INFO - Epoch 23/30 | train_loss=0.4292 | train_acc=0.7954 | test_loss=0.4373 | test_acc=0.7817 | best_acc=0.8233 | lr=0.001000
2025-11-21 12:32:38,186 - INFO - Epoch 24/30 | train_loss=0.4234 | train_acc=0.7983 | test_loss=0.4702 | test_acc=0.7767 | best_acc=0.8233 | lr=0.001000
2025-11-21 12:37:12,726 - INFO - Epoch 25/30 | train_loss=0.4404 | train_acc=0.7958 | test_loss=0.4138 | test_acc=0.8100 | best_acc=0.8233 | lr=0.001000
2025-11-21 12:41:47,438 - INFO - Epoch 26/30 | train_loss=0.4275 | train_acc=0.8113 | test_loss=0.4246 | test_acc=0.7967 | best_acc=0.8233 | lr=0.001000
2025-11-21 12:46:22,328 - INFO - Epoch 27/30 | train_loss=0.4115 | train_acc=0.8017 | test_loss=0.4229 | test_acc=0.7833 | best_acc=0.8233 | lr=0.001000
2025-11-21 12:50:57,159 - INFO - Epoch 28/30 | train_loss=0.4107 | train_acc=0.8075 | test_loss=0.4039 | test_acc=0.8067 | best_acc=0.8233 | lr=0.001000
2025-11-21 12:55:30,751 - INFO - Epoch 29/30 | train_loss=0.4105 | train_acc=0.8125 | test_loss=0.4080 | test_acc=0.7967 | best_acc=0.8233 | lr=0.001000
2025-11-21 13:00:09,676 - INFO - Epoch 30/30 | train_loss=0.4264 | train_acc=0.7992 | test_loss=0.4204 | test_acc=0.7917 | best_acc=0.8233 | lr=0.001000
2025-11-21 13:00:09,681 - INFO - Trial 5 completed | acc=0.8233 (82.33%) | duration=140.57 min
2025-11-21 13:00:09,681 - INFO - ------------------------------------------------------------
2025-11-21 13:00:09,681 - INFO - Trial 6/6
2025-11-21 13:00:09,683 - INFO - Params | lr=0.000300 | batch=16 | hidden=64 | layers=2 | dropout=0.40 | wd=0.000010 | gat=False | segments=50 | grad_clip=0.50
2025-11-21 13:00:09,684 - INFO - Loading BR35H dataset | segments=50 | batch_size=16
2025-11-21 13:00:09,794 - INFO - Initializing model | hidden_dim=64 | layers=2 | dropout=0.40 | use_gat=False
2025-11-21 13:04:45,403 - INFO - Epoch 1/30 | train_loss=0.7369 | train_acc=0.5233 | test_loss=0.6384 | test_acc=0.6617 | best_acc=0.6617 | lr=0.000300
2025-11-21 13:09:20,807 - INFO - Epoch 2/30 | train_loss=0.6539 | train_acc=0.6150 | test_loss=0.5760 | test_acc=0.6850 | best_acc=0.6850 | lr=0.000300
2025-11-21 13:13:56,414 - INFO - Epoch 3/30 | train_loss=0.6131 | train_acc=0.6671 | test_loss=0.5324 | test_acc=0.7200 | best_acc=0.7200 | lr=0.000300
2025-11-21 13:18:30,883 - INFO - Epoch 4/30 | train_loss=0.5936 | train_acc=0.6900 | test_loss=0.5244 | test_acc=0.7217 | best_acc=0.7217 | lr=0.000300
2025-11-21 13:23:10,024 - INFO - Epoch 5/30 | train_loss=0.5741 | train_acc=0.7025 | test_loss=0.5319 | test_acc=0.6933 | best_acc=0.7217 | lr=0.000300
2025-11-21 13:27:52,648 - INFO - Epoch 6/30 | train_loss=0.5596 | train_acc=0.7217 | test_loss=0.5011 | test_acc=0.7267 | best_acc=0.7267 | lr=0.000300
2025-11-21 13:32:36,887 - INFO - Epoch 7/30 | train_loss=0.5497 | train_acc=0.7312 | test_loss=0.4948 | test_acc=0.7333 | best_acc=0.7333 | lr=0.000300
2025-11-21 13:37:09,068 - INFO - Epoch 8/30 | train_loss=0.5374 | train_acc=0.7367 | test_loss=0.4767 | test_acc=0.7483 | best_acc=0.7483 | lr=0.000300
2025-11-21 13:41:42,284 - INFO - Epoch 9/30 | train_loss=0.5207 | train_acc=0.7325 | test_loss=0.4813 | test_acc=0.7383 | best_acc=0.7483 | lr=0.000300
2025-11-21 13:46:15,142 - INFO - Epoch 10/30 | train_loss=0.5453 | train_acc=0.7412 | test_loss=0.4762 | test_acc=0.7400 | best_acc=0.7483 | lr=0.000300
2025-11-21 13:50:47,827 - INFO - Epoch 11/30 | train_loss=0.5161 | train_acc=0.7446 | test_loss=0.4736 | test_acc=0.7383 | best_acc=0.7483 | lr=0.000300
2025-11-21 13:55:19,101 - INFO - Epoch 12/30 | train_loss=0.5044 | train_acc=0.7492 | test_loss=0.4992 | test_acc=0.7217 | best_acc=0.7483 | lr=0.000300
2025-11-21 13:59:52,103 - INFO - Epoch 13/30 | train_loss=0.5055 | train_acc=0.7488 | test_loss=0.4832 | test_acc=0.7217 | best_acc=0.7483 | lr=0.000300
2025-11-21 14:04:23,344 - INFO - Epoch 14/30 | train_loss=0.5124 | train_acc=0.7475 | test_loss=0.4734 | test_acc=0.7467 | best_acc=0.7483 | lr=0.000300
2025-11-21 14:08:55,847 - INFO - Epoch 15/30 | train_loss=0.5131 | train_acc=0.7492 | test_loss=0.4730 | test_acc=0.7417 | best_acc=0.7483 | lr=0.000300
2025-11-21 14:13:27,266 - INFO - Epoch 16/30 | train_loss=0.5020 | train_acc=0.7558 | test_loss=0.4643 | test_acc=0.7600 | best_acc=0.7600 | lr=0.000300
2025-11-21 14:17:58,304 - INFO - Epoch 17/30 | train_loss=0.5071 | train_acc=0.7600 | test_loss=0.4485 | test_acc=0.7600 | best_acc=0.7600 | lr=0.000300
2025-11-21 14:22:30,235 - INFO - Epoch 18/30 | train_loss=0.4951 | train_acc=0.7625 | test_loss=0.4539 | test_acc=0.7583 | best_acc=0.7600 | lr=0.000300
2025-11-21 14:27:03,028 - INFO - Epoch 19/30 | train_loss=0.4838 | train_acc=0.7646 | test_loss=0.4470 | test_acc=0.7567 | best_acc=0.7600 | lr=0.000300
2025-11-21 14:31:51,770 - INFO - Epoch 20/30 | train_loss=0.4910 | train_acc=0.7629 | test_loss=0.4445 | test_acc=0.7667 | best_acc=0.7667 | lr=0.000300
2025-11-21 14:36:23,598 - INFO - Epoch 21/30 | train_loss=0.4980 | train_acc=0.7658 | test_loss=0.4350 | test_acc=0.7717 | best_acc=0.7717 | lr=0.000300
2025-11-21 14:40:55,205 - INFO - Epoch 22/30 | train_loss=0.4802 | train_acc=0.7638 | test_loss=0.4518 | test_acc=0.7667 | best_acc=0.7717 | lr=0.000300
2025-11-21 14:45:25,787 - INFO - Epoch 23/30 | train_loss=0.4974 | train_acc=0.7625 | test_loss=0.4383 | test_acc=0.7733 | best_acc=0.7733 | lr=0.000300
2025-11-21 14:49:57,301 - INFO - Epoch 24/30 | train_loss=0.4854 | train_acc=0.7667 | test_loss=0.4411 | test_acc=0.7633 | best_acc=0.7733 | lr=0.000300
2025-11-21 14:54:27,552 - INFO - Epoch 25/30 | train_loss=0.4879 | train_acc=0.7646 | test_loss=0.4624 | test_acc=0.7667 | best_acc=0.7733 | lr=0.000300
2025-11-21 14:59:00,308 - INFO - Epoch 26/30 | train_loss=0.4801 | train_acc=0.7742 | test_loss=0.4402 | test_acc=0.7683 | best_acc=0.7733 | lr=0.000300
2025-11-21 15:03:32,905 - INFO - Epoch 27/30 | train_loss=0.4905 | train_acc=0.7767 | test_loss=0.4255 | test_acc=0.7750 | best_acc=0.7750 | lr=0.000300
2025-11-21 15:08:04,410 - INFO - Epoch 28/30 | train_loss=0.4775 | train_acc=0.7750 | test_loss=0.4443 | test_acc=0.7583 | best_acc=0.7750 | lr=0.000300
2025-11-21 15:12:37,369 - INFO - Epoch 29/30 | train_loss=0.4730 | train_acc=0.7767 | test_loss=0.4294 | test_acc=0.7717 | best_acc=0.7750 | lr=0.000300
2025-11-21 15:17:08,639 - INFO - Epoch 30/30 | train_loss=0.4618 | train_acc=0.7846 | test_loss=0.4243 | test_acc=0.7800 | best_acc=0.7800 | lr=0.000300
2025-11-21 15:17:08,643 - INFO - Trial 6 completed | acc=0.7800 (78.00%) | duration=136.98 min
2025-11-21 15:17:08,644 - INFO - Top 3 trials:
2025-11-21 15:17:08,659 - INFO - Rank 1 | Acc: 0.8717 | LR: 0.00050 | Batch: 16 | Hidden: 64 | Layers: 3 | Dropout: 0.30 | GAT: Y | Segments: 50 | Time: 139.55 min
2025-11-21 15:17:08,659 - INFO - Rank 2 | Acc: 0.8633 | LR: 0.00100 | Batch: 16 | Hidden: 128 | Layers: 3 | Dropout: 0.40 | GAT: Y | Segments: 50 | Time: 306.86 min
2025-11-21 15:17:08,659 - INFO - Rank 3 | Acc: 0.8617 | LR: 0.00100 | Batch: 32 | Hidden: 64 | Layers: 2 | Dropout: 0.30 | GAT: Y | Segments: 50 | Time: 197.35 min
2025-11-21 15:17:08,659 - INFO - Best score 0.8717 (87.17%) achieved with params: {'lr': 0.0005, 'batch_size': 16, 'hidden_dim': 64, 'num_layers': 3, 'dropout': 0.3, 'weight_decay': 0.0001, 'use_gat': True, 'n_segments': 50, 'grad_clip': 1.0}
2025-11-21 15:17:08,659 - INFO - Logs saved to logs/hyperparam_search_br35h_quick_20251120_202152.log
