2025-11-16 22:58:42 - train_sartaj - INFO - ==================================================
2025-11-16 22:58:42 - train_sartaj - INFO - Training on sartaj Dataset (Multi-class Classification)
2025-11-16 22:58:42 - train_sartaj - INFO - ==================================================
2025-11-16 22:58:42 - train_sartaj - INFO - Hyperparameters:
2025-11-16 22:58:42 - train_sartaj - INFO -   Epochs: 200
2025-11-16 22:58:42 - train_sartaj - INFO -   Batch Size: 32
2025-11-16 22:58:42 - train_sartaj - INFO -   Learning Rate: 0.9
2025-11-16 22:58:42 - train_sartaj - INFO -   Hidden Dim: 64
2025-11-16 22:58:42 - train_sartaj - INFO -   Num Layers: 3
2025-11-16 22:58:42 - train_sartaj - INFO -   Dropout: 0.5
2025-11-16 22:58:42 - train_sartaj - INFO -   Weight Decay: 0.0005
2025-11-16 22:58:42 - train_sartaj - INFO -   N Segments: 100
2025-11-16 22:58:42 - train_sartaj - INFO -   Use GAT: False
2025-11-16 22:58:42 - train_sartaj - INFO -   Gradient Clipping: 1.0
2025-11-16 22:58:42 - train_sartaj - INFO -   Early Stopping Patience: 20
2025-11-16 22:58:42 - train_sartaj - INFO -   Mixed Precision: True
2025-11-16 22:58:42 - train_sartaj - INFO - Using device: cpu
2025-11-16 22:58:42 - train_sartaj - INFO - Loading datasets...
2025-11-16 22:58:42 - train_sartaj - INFO - Train samples: 800
2025-11-16 22:58:42 - train_sartaj - INFO - Test samples: 200
2025-11-16 22:58:42 - train_sartaj - INFO - Input dimension: 7
2025-11-16 22:58:42 - train_sartaj - INFO - Total parameters: 23,780
2025-11-16 22:58:42 - train_sartaj - INFO - Trainable parameters: 23,780
2025-11-16 22:58:42 - train_sartaj - INFO - Starting training...
2025-11-16 23:02:08 - train_sartaj - DEBUG - Saved best model at epoch 1 with accuracy 0.2500
2025-11-16 23:02:08 - train_sartaj - INFO - Epoch 1/200 (206.27s)
2025-11-16 23:02:08 - train_sartaj - INFO -   Train Loss: 5559.1069, Train Acc: 0.2213
2025-11-16 23:02:08 - train_sartaj - INFO -   Test Loss: 3.2349, Test Acc: 0.2500
2025-11-16 23:02:08 - train_sartaj - INFO -   Best Acc: 0.2500 (epoch 1)
2025-11-16 23:02:08 - train_sartaj - INFO -   Learning Rate: 0.900000
2025-11-16 23:02:08 - train_sartaj - DEBUG - Epoch 1: train_loss=5559.1069, train_acc=0.2213, test_loss=3.2349, test_acc=0.2500, lr=0.900000
2025-11-16 23:05:50 - train_sartaj - DEBUG - Epoch 2: train_loss=1249.6169, train_acc=0.2550, test_loss=1.6649, test_acc=0.2500, lr=0.900000
2025-11-16 23:09:51 - train_sartaj - DEBUG - Epoch 3: train_loss=179.1702, train_acc=0.2525, test_loss=3.1854, test_acc=0.2500, lr=0.900000
2025-11-16 23:13:41 - train_sartaj - DEBUG - Epoch 4: train_loss=201.4484, train_acc=0.2750, test_loss=2.4537, test_acc=0.2500, lr=0.900000
2025-11-16 23:17:15 - train_sartaj - INFO - Epoch 5/200 (214.18s)
2025-11-16 23:17:15 - train_sartaj - INFO -   Train Loss: 175.1452, Train Acc: 0.2300
2025-11-16 23:17:15 - train_sartaj - INFO -   Test Loss: 1.4472, Test Acc: 0.2500
2025-11-16 23:17:15 - train_sartaj - INFO -   Best Acc: 0.2500 (epoch 1)
2025-11-16 23:17:15 - train_sartaj - INFO -   Learning Rate: 0.900000
2025-11-16 23:17:15 - train_sartaj - DEBUG - Epoch 5: train_loss=175.1452, train_acc=0.2300, test_loss=1.4472, test_acc=0.2500, lr=0.900000
2025-11-16 23:21:05 - train_sartaj - DEBUG - Epoch 6: train_loss=29.9264, train_acc=0.2313, test_loss=1.3865, test_acc=0.2500, lr=0.900000
2025-11-16 23:24:51 - train_sartaj - DEBUG - Epoch 7: train_loss=116.3597, train_acc=0.2637, test_loss=1.5294, test_acc=0.2500, lr=0.900000
2025-11-16 23:28:45 - train_sartaj - DEBUG - Epoch 8: train_loss=79.0210, train_acc=0.2550, test_loss=1.9093, test_acc=0.2500, lr=0.900000
2025-11-16 23:33:29 - train_sartaj - DEBUG - Epoch 9: train_loss=777.8975, train_acc=0.2475, test_loss=1.6872, test_acc=0.2500, lr=0.900000
2025-11-16 23:38:04 - train_sartaj - INFO - Epoch 10/200 (275.15s)
2025-11-16 23:38:04 - train_sartaj - INFO -   Train Loss: 1752.2367, Train Acc: 0.2425
2025-11-16 23:38:04 - train_sartaj - INFO -   Test Loss: 1.9040, Test Acc: 0.2500
2025-11-16 23:38:04 - train_sartaj - INFO -   Best Acc: 0.2500 (epoch 1)
2025-11-16 23:38:04 - train_sartaj - INFO -   Learning Rate: 0.900000
2025-11-16 23:38:04 - train_sartaj - DEBUG - Epoch 10: train_loss=1752.2367, train_acc=0.2425, test_loss=1.9040, test_acc=0.2500, lr=0.900000
2025-11-16 23:43:40 - train_sartaj - DEBUG - Epoch 11: train_loss=200.5422, train_acc=0.2737, test_loss=1.5922, test_acc=0.2500, lr=0.900000
2025-11-16 23:49:27 - train_sartaj - DEBUG - Epoch 12: train_loss=207.4772, train_acc=0.2425, test_loss=1.3931, test_acc=0.2500, lr=0.900000
2025-11-16 23:55:00 - train_sartaj - DEBUG - Epoch 13: train_loss=281.1080, train_acc=0.2537, test_loss=1.4551, test_acc=0.2500, lr=0.900000
2025-11-17 00:01:15 - train_sartaj - DEBUG - Epoch 14: train_loss=101.1243, train_acc=0.2225, test_loss=1.5419, test_acc=0.2500, lr=0.900000
2025-11-17 00:07:11 - train_sartaj - INFO - Epoch 15/200 (356.32s)
2025-11-17 00:07:11 - train_sartaj - INFO -   Train Loss: 346.1963, Train Acc: 0.2225
2025-11-17 00:07:11 - train_sartaj - INFO -   Test Loss: 1.4921, Test Acc: 0.2500
2025-11-17 00:07:11 - train_sartaj - INFO -   Best Acc: 0.2500 (epoch 1)
2025-11-17 00:07:11 - train_sartaj - INFO -   Learning Rate: 0.900000
2025-11-17 00:07:11 - train_sartaj - DEBUG - Epoch 15: train_loss=346.1963, train_acc=0.2225, test_loss=1.4921, test_acc=0.2500, lr=0.900000
2025-11-17 00:13:35 - train_sartaj - DEBUG - Epoch 16: train_loss=399.9084, train_acc=0.2800, test_loss=1.4515, test_acc=0.2500, lr=0.900000
2025-11-17 00:19:39 - train_sartaj - DEBUG - Epoch 17: train_loss=539.1974, train_acc=0.2325, test_loss=1.4748, test_acc=0.2500, lr=0.450000
2025-11-17 00:26:29 - train_sartaj - DEBUG - Epoch 18: train_loss=235.9853, train_acc=0.2487, test_loss=1.3968, test_acc=0.2500, lr=0.450000
2025-11-17 00:38:11 - train_sartaj - DEBUG - Epoch 19: train_loss=148.6660, train_acc=0.2250, test_loss=1.3784, test_acc=0.2500, lr=0.450000
